%!Adobe-FontList 1.17
%Locale:0x409

%BeginFont
Handler:DirectoryHandler
FontType:Type1
FontName:Gotham-Black
FamilyName:Gotham
StyleName:Black
MenuName:Gotham Black
StyleBits:2
WeightClass:900
WidthClass:5
AngleClass:0
FullName:Gotham Black
WritingScript:Roman
OutlineFileName:\GothaBla
DataFormat:POSTResource
UsesStandardEncoding:yes
isCFF:no
FileLength:82404
FileModTime:1231498521
DesignSize:-1
%EndFont

%BeginFont
Handler:DirectoryHandler
FontType:Type1
FontName:Gotham-Bold
FamilyName:Gotham
StyleName:Bold
MenuName:Gotham-Bold
StyleBits:2
WeightClass:700
WidthClass:5
AngleClass:0
FullName:Gotham-Bold
WritingScript:Roman
OutlineFileName:\GothaBol
DataFormat:POSTResource
UsesStandardEncoding:no
isCFF:no
FileLength:35360
FileModTime:1049130619
DesignSize:-1
%EndFont

%BeginFont
Handler:DirectoryHandler
FontType:Type1
FontName:Gotham-Book
FamilyName:Gotham
StyleName:Book
MenuName:Gotham-Book
StyleBits:0
WeightClass:400
WidthClass:5
AngleClass:0
FullName:Gotham-Book
WritingScript:Roman
OutlineFileName:\GothaBoo
DataFormat:POSTResource
UsesStandardEncoding:no
isCFF:no
FileLength:34921
FileModTime:1049130626
DesignSize:-1
%EndFont

%BeginFont
Handler:DirectoryHandler
FontType:Type1
FontName:GothamCondensed-Book
FamilyName:GothamCondensed
StyleName:Book
MenuName:GothamCondensed-Book
StyleBits:0
WeightClass:400
WidthClass:5
AngleClass:0
FullName:GothamCondensed-Book
WritingScript:Roman
OutlineFileName:\GothaConBoo
DataFormat:POSTResource
UsesStandardEncoding:no
isCFF:no
FileLength:33770
FileModTime:1049131665
DesignSize:-1
%EndFont

%BeginFont
Handler:DirectoryHandler
FontType:Suitcase
FontName:Gotham-Black
OutlineFileName:\Gotham Black
ResourceID:5869
MacStyle:0
FileLength:82149
FileModTime:1231498522
%EndFont

%BeginFont
Handler:DirectoryHandler
FontType:Suitcase
FontName:Gotham-BlackItalic
OutlineFileName:\Gotham Black
ResourceID:5869
MacStyle:2
FileLength:82149
FileModTime:1231498522
%EndFont

%BeginFont
Handler:DirectoryHandler
FontType:Suitcase
FontName:Gotham-BlackItalic
OutlineFileName:\Gotham Black
ResourceID:4713
MacStyle:0
FileLength:82149
FileModTime:1231498522
%EndFont

%BeginFont
Handler:DirectoryHandler
FontType:Suitcase
FontName:GothamCondensed-Light
OutlineFileName:\HTF Gotham Condensed™
ResourceID:4176
MacStyle:0
FileLength:55543
FileModTime:1049133098
%EndFont

%BeginFont
Handler:DirectoryHandler
FontType:Suitcase
FontName:GothamCondensed-Book
OutlineFileName:\HTF Gotham Condensed™
ResourceID:4177
MacStyle:0
FileLength:55543
FileModTime:1049133098
%EndFont

%BeginFont
Handler:DirectoryHandler
FontType:Suitcase
FontName:GothamCondensed-Medium
OutlineFileName:\HTF Gotham Condensed™
ResourceID:4178
MacStyle:0
FileLength:55543
FileModTime:1049133098
%EndFont

%BeginFont
Handler:DirectoryHandler
FontType:Suitcase
FontName:GothamCondensed-Bold
OutlineFileName:\HTF Gotham Condensed™
ResourceID:4179
MacStyle:0
FileLength:55543
FileModTime:1049133098
%EndFont

%BeginFont
Handler:DirectoryHandler
FontType:Suitcase
FontName:Gotham-Light
OutlineFileName:\HTF Gotham™
ResourceID:4158
MacStyle:0
FileLength:166648
FileModTime:1049133098
%EndFont

%BeginFont
Handler:DirectoryHandler
FontType:Suitcase
FontName:Gotham-LightItalic
OutlineFileName:\HTF Gotham™
ResourceID:4158
MacStyle:2
FileLength:166648
FileModTime:1049133098
%EndFont

%BeginFont
Handler:DirectoryHandler
FontType:Suitcase
FontName:Gotham-Book
OutlineFileName:\HTF Gotham™
ResourceID:4159
MacStyle:0
FileLength:166648
FileModTime:1049133098
%EndFont

%BeginFont
Handler:DirectoryHandler
FontType:Suitcase
FontName:Gotham-BookItalic
OutlineFileName:\HTF Gotham™
ResourceID:4159
MacStyle:2
FileLength:166648
FileModTime:1049133098
%EndFont

%BeginFont
Handler:DirectoryHandler
FontType:Suitcase
FontName:Gotham-Medium
OutlineFileName:\HTF Gotham™
ResourceID:4160
MacStyle:0
FileLength:166648
FileModTime:1049133098
%EndFont

%BeginFont
Handler:DirectoryHandler
FontType:Suitcase
FontName:Gotham-MediumItalic
OutlineFileName:\HTF Gotham™
ResourceID:4160
MacStyle:2
FileLength:166648
FileModTime:1049133098
%EndFont

%BeginFont
Handler:DirectoryHandler
FontType:Suitcase
FontName:Gotham-Bold
OutlineFileName:\HTF Gotham™
ResourceID:4161
MacStyle:0
FileLength:166648
FileModTime:1049133098
%EndFont

%BeginFont
Handler:DirectoryHandler
FontType:Suitcase
FontName:Gotham-BoldItalic
OutlineFileName:\HTF Gotham™
ResourceID:4161
MacStyle:2
FileLength:166648
FileModTime:1049133098
%EndFont

%BeginFont
Handler:DirectoryHandler
FontType:Suitcase
FontName:Gotham-LightItalic
OutlineFileName:\HTF Gotham™
ResourceID:4275
MacStyle:0
FileLength:166648
FileModTime:1049133098
%EndFont

%BeginFont
Handler:DirectoryHandler
FontType:Suitcase
FontName:Gotham-BookItalic
OutlineFileName:\HTF Gotham™
ResourceID:4276
MacStyle:0
FileLength:166648
FileModTime:1049133098
%EndFont

%BeginFont
Handler:DirectoryHandler
FontType:Suitcase
FontName:Gotham-MediumItalic
OutlineFileName:\HTF Gotham™
ResourceID:4277
MacStyle:0
FileLength:166648
FileModTime:1049133098
%EndFont

%BeginFont
Handler:DirectoryHandler
FontType:Suitcase
FontName:Gotham-BoldItalic
OutlineFileName:\HTF Gotham™
ResourceID:4278
MacStyle:0
FileLength:166648
FileModTime:1049133098
%EndFont

